0|1787931874916|orders|0|user-1043|Order created|1|1
1|1787931991932|orders|0|user-1043|Order created|1|1
2|1787931992999|orders|0|user-1043|Order created|1|1
3|1787931996666|orders|0|user-1043|Order created|1|1
4|1787931997499|orders|0|user-1043|Order created|1|1
5|1787931998480|orders|0|user-1043|Order created|1|1
6|1787931999164|orders|0|user-1043|Order created|1|1
7|1787931999532|orders|0|user-1043|Order created|1|1
8|1787932000099|orders|0|user-1043|Order created|1|1
9|1787932001267|orders|0|user-1043|Order created|1|1
10|1787932002015|orders|0|user-1043|Order created|1|1
11|1787932002799|orders|0|user-1043|Order created|1|1
12|1787932003548|orders|0|user-1043|Order created|1|1
13|1787932004415|orders|0|user-1043|Order created|1|1
14|1787932005132|orders|0|user-1043|Order created|1|1
15|1787932005999|orders|0|user-1043|Order created|1|1
16|1787938121785|orders|0|user-1043|Order created|1|1
17|1787938129029|orders|0|user-1043|Order created|1|1
18|1787938132945|orders|0|user-1043|Order created|1|1
19|1787938133930|orders|0|user-1043|Order created|1|1
20|1787938134613|orders|0|user-1043|Order created|1|1
21|1787938134846|orders|0|user-1043|Order created|1|1
22|1787938135063|orders|0|user-1043|Order created|1|1
